// Jest Snapshot v1, https://goo.gl/fbAQLP

exports[`should match Filter component in desktop format snapshot 1`] = `
<div>
  <div
    class="filter-container filter-container--desk"
  >
    <div
      class="filter-container__container"
    >
      <p
        class="filter-container__label"
      >
        Filter
      </p>
    </div>
    <label
      class="button-label"
      for="abvButton"
    >
      Filter for high ABV only
    </label>
    <button
      class="filter-container__option highABV"
      id="abvButton"
    >
      High ABV (&gt; 6.0%)
      <img
        alt="add filter"
        class="highABV"
        src="add.svg"
      />
    </button>
    <label
      class="button-label"
      for="classicButton"
    >
      Filter for the Classic Range only
    </label>
    <button
      class="filter-container__option classic"
      id="classicButton"
    >
      Classic Range
      <img
        alt="add filter"
        class="classic"
        src="add.svg"
      />
    </button>
    <label
      class="button-label"
      for="phButton"
    >
      Filter for low ph (acidic) only
    </label>
    <button
      class="filter-container__option ph"
      id="phButton"
    >
      Acidic (pH &lt; 4)
      <img
        alt="add filter"
        class="ph"
        src="add.svg"
      />
    </button>
  </div>
</div>
`;

exports[`should match Filter component in mobile format snapshot 1`] = `
<div>
  <div
    class="filter-container filter-container--mob"
  >
    <div
      class="filter-container__container"
    >
      <p
        class="filter-container__label"
      >
        Filter
      </p>
      <img
        alt="toggle filter menu"
        class="filter-container__arrow"
        src="down-arrow.svg"
      />
    </div>
  </div>
</div>
`;
